◇ injected env (29) from .env // tip: ◈ encrypted .env [www.dotenvx.com]
◇ injected env (0) from .env // tip: ⌘ suppress logs { quiet: true }
Conectado ao MySQL!
✔ changeInvoiceDueDate notifies the enrollment's student (143.9586ms)
✔ changeInvoiceAmount notifies the enrollment's student (85.8339ms)
✔ changing due date twice notifies twice (each is a genuine change) (142.962ms)
✔ cancelInvoice notifies the enrollment's student (83.7216ms)
✔ registerManualPayment notifies the enrollment's student (payment approved) (163.6815ms)
✔ refundPayment notifies the enrollment's student (payment refunded) (190.66ms)
✔ creating a course-scope calendar event notifies exactly the active-enrolled students of that course (160.9372ms)
✔ creating a class-scope calendar event only reaches that class (43.2436ms)
✔ institutional-scope calendar event reaches active students and active teachers (268.3213ms)
✔ updateEvent with a real date change fires calendar.event.changed (86.4408ms)
✔ updateEvent that only changes the title does not notify (cosmetic, not operational) (46.1329ms)
✔ cancelEvent fires calendar.event.cancelled (79.5803ms)
◇ injected env (29) from .env // tip: ◈ secrets for agents [www.dotenvx.com]
◇ injected env (0) from .env // tip: ⌁ auth for agents [www.vestauth.com]
Conectado ao MySQL!
✔ changing the due date of an active activity fires learning.activity.changed once (353.7532ms)
✔ re-saving the same due date does not fire learning.activity.changed (142.5522ms)
✔ changing the class scope of an active activity fires learning.activity.changed (244.4836ms)
✔ retrying the exact same due-date change dedupes to a single event (313.2577ms)
✔ deactivating an active activity fires learning.activity.cancelled once (102.7009ms)
✔ setting status to inactive via the general edit form also fires learning.activity.cancelled (99.3099ms)
✔ deactivating a draft activity (never active) does not notify (26.7094ms)
✔ deactivating an already-inactive activity still throws 409, unchanged behavior (85.0572ms)
◇ injected env (29) from .env // tip: ⌘ enable debugging { debug: true }
◇ injected env (0) from .env // tip: ◈ secrets for agents [www.dotenvx.com]
Conectado ao MySQL!
✔ creating an activity as draft does not notify (96.7724ms)
✔ creating an activity as active notifies once, scoped to the class (50.6839ms)
✔ draft -> active on update notifies exactly once (147.8973ms)
✔ a course-wide activity (class_id null) reaches students from both classes (99.5818ms)
✔ activity creation never calls the mailer synchronously -- delivery stays queued as pending (63.5634ms)
◇ injected env (29) from .env // tip: ◈ secrets for agents [www.dotenvx.com]
◇ injected env (0) from .env // tip: ◈ secrets for agents [www.dotenvx.com]
Conectado ao MySQL!
✔ registering 'present' on first save does not notify (170.3077ms)
✔ registering 'excused' on first save does not notify (67.2484ms)
✔ registering 'absent' on first save notifies the student (149.7612ms)
✔ registering 'late' on first save notifies the student (84.3856ms)
✔ re-saving the identical status does not re-notify (204.7414ms)
✔ correcting present -> absent notifies (moving into notify-worthy) (140.6457ms)
✔ correcting absent -> present notifies again (relevant correction out of notify-worthy) (194.2166ms)
✔ correcting present -> excused does not notify (neither side notify-worthy) (52.0986ms)
✔ a batch only notifies the students whose status is relevant (58.562ms)
✔ admin adjustAttendance notifies when correcting into a notify-worthy status (63.8786ms)
✔ admin adjustAttendance does not notify when the status stays the same (61.8692ms)
✔ admin adjustAttendance does not notify moving between two non-notify-worthy statuses (44.617ms)
◇ injected env (29) from .env // tip: ⌘ custom filepath { path: '/custom/path/.env' }
◇ injected env (0) from .env // tip: ⌁ auth for agents [www.vestauth.com]
Conectado ao MySQL!
✔ creating a content as draft does not notify (117.6512ms)
✔ creating a content as active notifies once, scoped to the class (43.073ms)
✔ draft -> active on update notifies exactly once (93.2855ms)
✔ changing the due date of an active content fires learning.content.changed once (65.9322ms)
✔ re-saving the same due date does not fire learning.content.changed (58.1641ms)
✔ archiving an active content fires learning.content.cancelled once (105.1228ms)
✔ archiving a draft content (never active) does not notify (35.4414ms)
✔ archiving an already-archived content still throws 409 (190.2088ms)
◇ injected env (29) from .env // tip: ⌘ custom filepath { path: '/custom/path/.env' }
◇ injected env (0) from .env // tip: ⌘ override existing { override: true }
Conectado ao MySQL!
✔ gradeSubmission notifies the student once on first grading (279.2231ms)
✔ re-grading with the exact same score and feedback does not re-notify (167.0068ms)
✔ re-grading with a different score notifies again (533.1694ms)
✔ quickGradeSubmission notifies the student (100.1362ms)
✔ admin adjustGrade notifies the student when the score actually changes (104.2476ms)
✔ admin adjustGrade does not notify when the score stays the same (123.5006ms)
◇ injected env (29) from .env // tip: ⌁ auth for agents [www.vestauth.com]
◇ injected env (0) from .env // tip: ⌘ suppress logs { quiet: true }
Conectado ao MySQL!
✔ creating a session as scheduled notifies once, scoped to that class only (263.4333ms)
✔ changing the date/time of a scheduled session fires learning.session.changed once (139.625ms)
✔ re-saving the same date/time does not fire learning.session.changed (224.0828ms)
✔ setting status to cancelled via the general edit form fires learning.session.cancelled (318.5184ms)
✔ cancelSession on a scheduled session fires learning.session.cancelled once (114.5396ms)
✔ cancelSession is idempotent: cancelling twice does not double-notify (97.6984ms)
◇ injected env (29) from .env // tip: ◈ encrypted .env [www.dotenvx.com]
◇ injected env (0) from .env // tip: ⌘ suppress logs { quiet: true }
Conectado ao MySQL!
✔ a confirmed submission notifies the responsible teacher, not the student (222.8457ms)
✔ submitting the same activity twice fails on the second attempt and does not double-notify (141.9202ms)
◇ injected env (29) from .env // tip: ◈ encrypted .env [www.dotenvx.com]
◇ injected env (0) from .env // tip: ◈ encrypted .env [www.dotenvx.com]
Conectado ao MySQL!
✔ buildNotificationEmail escapes HTML but keeps text plain (98.1761ms)
✔ claimBatch moves a due delivery from pending to processing (245.5837ms)
✔ two concurrent claims never return the same delivery (FOR UPDATE SKIP LOCKED) (188.5911ms)
✔ an expired processing lease becomes claimable again (196.5179ms)
✔ markDeliverySent clears the lock and records the provider id (46.2296ms)
✔ markDeliveryFailed schedules a retry until the 5th failure, which terminates (74.6478ms)
✖ password reset email still works after mailer generalization (46.4956ms)
◇ injected env (29) from .env // tip: ⌁ auth for agents [www.vestauth.com]
◇ injected env (0) from .env // tip: ⌘ custom filepath { path: '/custom/path/.env' }
Conectado ao MySQL!
✔ listInbox never returns another user's notifications (161.592ms)
✔ listInbox response never exposes email, metadata, or delivery internals (15.1357ms)
✔ markAsRead on another user's notification returns 404, does not mutate it (20.4082ms)
✔ archiveNotification on another user's notification returns 404 (23.5786ms)
✔ getUnreadCount reflects at least the notifications this test just created (47.3678ms)
✔ markAsRead is idempotent and marks exactly the target recipient row read (47.5526ms)
✔ markAllAsRead only affects the caller's own unread notifications (93.4242ms)
✔ listInbox cursor pagination returns no duplicates and no gaps across pages (82.9509ms)
✔ archived items are excluded from the default inbox but not from includeArchived=true (35.4009ms)
✔ updatePreference rejects invalid category and non-boolean emailEnabled (3.4491ms)
✔ listPreferences reflects the stored override, not just the registry default (8.601ms)
◇ injected env (29) from .env // tip: ⌘ enable debugging { debug: true }
◇ injected env (0) from .env // tip: ◈ secrets for agents [www.dotenvx.com]
Conectado ao MySQL!
✔ registry rejects a type definition missing required fields (62.5031ms)
✔ createNotificationEvent creates notification + recipient + email delivery (30.5688ms)
✔ createNotificationEvent is idempotent on the same deduplication key (29.228ms)
✔ createNotificationEvent excludes the actor from recipients by default (1.2407ms)
✔ createNotificationEvent rolls back the notification row when a recipient insert violates a constraint (13.4426ms)
✔ notifications.deduplication_key UNIQUE constraint rejects a raw duplicate insert (16.7962ms)
✔ notification_preferences UNIQUE(user_id, category) rejects a raw duplicate insert (8.7188ms)
✔ email policy: essential ignores an explicit opt-out (25.0061ms)
◇ injected env (29) from .env // tip: ⌘ suppress logs { quiet: true }
◇ injected env (0) from .env // tip: ◈ secrets for agents [www.dotenvx.com]
Conectado ao MySQL!
✔ generateMissingCollectionActions creates all 6 rows with correct offsets (259.8516ms)
✔ generateMissingCollectionActions is idempotent (30.505ms)
✔ a cancelled invoice never gets collection actions generated (76.9675ms)
✔ processing due actions only touches what's actually due today, not future ones (311.4395ms)
✔ marked_overdue transitions the invoice and notifies once (390.8162ms)
✔ overdue_charge_10_days only warns -- never changes the invoice amount (173.9074ms)
✔ lock_warning_15_days only warns -- the enrollment stays active (82.3375ms)
✔ enrollment_locked_30_days with the kill switch off (default) skips without locking or notifying (89.0291ms)
✔ enrollment_locked_30_days with the kill switch on actually locks and notifies (114.1174ms)
✔ closing an invoice invalidates its still-pending collection actions (30.557ms)
✔ processCollectionAction skips (does not act) when the invoice already left the open states (28.0483ms)
✔ test\testHelpers.js (610.0204ms)
✔ datesRepresentSameInstant: a bare date string equals itself, not shifted by UTC parsing (24.0279ms)
✔ datesRepresentSameInstant: a genuinely different date is detected as changed (0.6444ms)
✔ datesRepresentSameInstant: full datetime strings compare correctly (0.4265ms)
✔ datesRepresentSameInstant: null on both sides is unchanged (0.9132ms)
✔ datesRepresentSameInstant: null vs a real date is a change in either direction (0.597ms)
✔ withTransaction commits and returns the business function's result on success (10.2436ms)
✔ withTransaction retries once on ER_LOCK_DEADLOCK and succeeds on the second attempt (2.2672ms)
✔ withTransaction gives up after maxAttempts deadlocks and rethrows (2.5176ms)
✔ withTransaction does not retry a non-deadlock error (0.7391ms)
ℹ tests 106
ℹ suites 0
ℹ pass 105
ℹ fail 1
ℹ cancelled 0
ℹ skipped 0
ℹ todo 0
ℹ duration_ms 3072.6891

✖ failing tests:

test at test\notifications\notificationDeliveryWorker.test.js:228:1
✖ password reset email still works after mailer generalization (46.4956ms)
  Error: getaddrinfo ENOTFOUND api.nodemailer.com
      at GetAddrInfoReqWrap.onlookupall [as oncomplete] (node:dns:122:26) {
    errno: -3008,
    code: 'EFETCH',
    syscall: 'getaddrinfo',
    hostname: 'api.nodemailer.com',
    sourceUrl: 'https://api.nodemailer.com/user'
  }
